============================= test session starts =============================
platform win32 -- Python 3.12.10, pytest-9.0.2, pluggy-1.6.0 -- C:\Users\charan4170\chatbot\claimbot\backend\venv\Scripts\python.exe
cachedir: .pytest_cache
rootdir: C:\Users\charan4170\chatbot\claimbot\backend
configfile: pytest.ini
testpaths: tests
plugins: anyio-4.12.1, langsmith-0.6.4, asyncio-1.3.0
asyncio: mode=Mode.STRICT, debug=False, asyncio_default_fixture_loop_scope=None, asyncio_default_test_loop_scope=function
collecting ... collected 43 items / 1 error

=================================== ERRORS ====================================
_________________ ERROR collecting tests/test_calculation.py __________________
ImportError while importing test module 'C:\Users\charan4170\chatbot\claimbot\backend\tests\test_calculation.py'.
Hint: make sure your test modules/packages have valid Python names.
Traceback:
venv\Lib\site-packages\_pytest\python.py:507: in importtestmodule
    mod = import_path(
venv\Lib\site-packages\_pytest\pathlib.py:587: in import_path
    importlib.import_module(module_name)
..\..\..\AppData\Local\Programs\Python\Python312\Lib\importlib\__init__.py:90: in import_module
    return _bootstrap._gcd_import(name[level:], package, level)
           ^^^^^^^^^^^^^^^^^^^^^^^^^^^^^^^^^^^^^^^^^^^^^^^^^^^^
<frozen importlib._bootstrap>:1387: in _gcd_import
    ???
<frozen importlib._bootstrap>:1360: in _find_and_load
    ???
<frozen importlib._bootstrap>:1331: in _find_and_load_unlocked
    ???
<frozen importlib._bootstrap>:935: in _load_unlocked
    ???
venv\Lib\site-packages\_pytest\assertion\rewrite.py:197: in exec_module
    exec(co, module.__dict__)
tests\test_calculation.py:6: in <module>
    from app.services.calculation.engine import (
E   ImportError: cannot import name 'calculate_medical_claim' from 'app.services.calculation.engine' (C:\Users\charan4170\chatbot\claimbot\backend\app\services\calculation\engine.py)
=========================== short test summary info ===========================
ERROR tests/test_calculation.py
!!!!!!!!!!!!!!!!!!! Interrupted: 1 error during collection !!!!!!!!!!!!!!!!!!!!
============================== 1 error in 0.30s ===============================
